#-----------------------------------------------------------
# Vivado v2024.1 (64-bit)
# SW Build 5076996 on Wed May 22 18:36:09 MDT 2024
# IP Build 5075265 on Wed May 22 21:45:21 MDT 2024
# SharedData Build 5076995 on Wed May 22 18:29:18 MDT 2024
# Start of session at: Sat Jul 19 16:52:04 2025
# Process ID: 281889
# Current directory: /home/jam/Downloads/HLS_Erosion_dilation/vitis_workspace/v1_MM_no_opt/matrixmul/hls/impl/verilog/project.runs/impl_1
# Command line: vivado -log bd_0_wrapper.vdi -applog -product Vivado -messageDb vivado.pb -mode batch -source bd_0_wrapper.tcl -notrace
# Log file: /home/jam/Downloads/HLS_Erosion_dilation/vitis_workspace/v1_MM_no_opt/matrixmul/hls/impl/verilog/project.runs/impl_1/bd_0_wrapper.vdi
# Journal file: /home/jam/Downloads/HLS_Erosion_dilation/vitis_workspace/v1_MM_no_opt/matrixmul/hls/impl/verilog/project.runs/impl_1/vivado.jou
# Running On        :jam-Precision-5510
# Platform          :Ubuntu
# Operating System  :Ubuntu 20.04.6 LTS
# Processor Detail  :Intel(R) Core(TM) i7-6820HQ CPU @ 2.70GHz
# CPU Frequency     :2700.000 MHz
# CPU Physical cores:4
# CPU Logical cores :8
# Host memory       :16402 MB
# Swap memory       :2147 MB
# Total Virtual     :18549 MB
# Available Virtual :8983 MB
#-----------------------------------------------------------
source bd_0_wrapper.tcl -notrace
