

================================================================
== Synthesis Summary Report of 'matrixmul'
================================================================
+ General Information: 
    * Date:           Sat Jul 19 16:23:02 2025
    * Version:        2024.1 (Build 5069499 on May 21 2024)
    * Project:        matrixmul
    * Solution:       hls (Vivado IP Flow Target)
    * Product family: zynquplus
    * Target device:  xczu7ev-ffvc1156-2-e
    

+ Performance & Resource Estimates: 
    
    PS: '+' for module; 'o' for loop; '*' for dataflow
    +--------------+------+------+---------+-----------+----------+---------+------+----------+------+---------+----------+-----------+-----+
    |    Modules   | Issue|      | Latency |  Latency  | Iteration|         | Trip |          |      |         |          |           |     |
    |    & Loops   | Type | Slack| (cycles)|    (ns)   |  Latency | Interval| Count| Pipelined| BRAM |   DSP   |    FF    |    LUT    | URAM|
    +--------------+------+------+---------+-----------+----------+---------+------+----------+------+---------+----------+-----------+-----+
    |+ matrixmul   |     -|  5.63|      160|  1.600e+03|         -|      161|     -|        no|     -|  1 (~0%)|  46 (~0%)|  189 (~0%)|    -|
    | o Row        |     -|  7.30|      159|  1.590e+03|        53|        -|     3|        no|     -|        -|         -|          -|    -|
    |  o Col       |     -|  7.30|       51|    510.000|        17|        -|     3|        no|     -|        -|         -|          -|    -|
    |   o Product  |     -|  7.30|       15|    150.000|         5|        -|     3|        no|     -|        -|         -|          -|    -|
    +--------------+------+------+---------+-----------+----------+---------+------+----------+------+---------+----------+-----------+-----+


================================================================
== HW Interfaces
================================================================
* AP_MEMORY
+--------------+-----------+----------+
| Port         | Direction | Bitwidth |
+--------------+-----------+----------+
| a_address0   | out       | 4        |
| a_q0         | in        | 8        |
| b_address0   | out       | 4        |
| b_q0         | in        | 8        |
| res_address0 | out       | 4        |
| res_d0       | out       | 16       |
+--------------+-----------+----------+

* TOP LEVEL CONTROL
+-----------+------------+-----------------------------------+
| Interface | Type       | Ports                             |
+-----------+------------+-----------------------------------+
| ap_clk    | clock      | ap_clk                            |
| ap_rst    | reset      | ap_rst                            |
| ap_ctrl   | ap_ctrl_hs | ap_done ap_idle ap_ready ap_start |
+-----------+------------+-----------------------------------+


================================================================
== SW I/O Information
================================================================
* Top Function Arguments
+----------+-----------+----------+
| Argument | Direction | Datatype |
+----------+-----------+----------+
| a        | in        | char*    |
| b        | in        | char*    |
| res      | out       | short*   |
+----------+-----------+----------+

* SW-to-HW Mapping
+----------+--------------+---------+----------+
| Argument | HW Interface | HW Type | HW Usage |
+----------+--------------+---------+----------+
| a        | a_address0   | port    | offset   |
| a        | a_ce0        | port    |          |
| a        | a_q0         | port    |          |
| b        | b_address0   | port    | offset   |
| b        | b_ce0        | port    |          |
| b        | b_q0         | port    |          |
| res      | res_address0 | port    | offset   |
| res      | res_ce0      | port    |          |
| res      | res_we0      | port    |          |
| res      | res_d0       | port    |          |
+----------+--------------+---------+----------+


================================================================
== Bind Op Report
================================================================
+-----------------------------------+-----+--------+-----------+-------+-----------+---------+
| Name                              | DSP | Pragma | Variable  | Op    | Impl      | Latency |
+-----------------------------------+-----+--------+-----------+-------+-----------+---------+
| + matrixmul                       | 1   |        |           |       |           |         |
|   icmp_ln19_fu_135_p2             |     |        | icmp_ln19 | seteq | auto      | 0       |
|   add_ln19_fu_141_p2              |     |        | add_ln19  | add   | fabric    | 0       |
|   sub_ln26_fu_159_p2              |     |        | sub_ln26  | sub   | fabric    | 0       |
|   icmp_ln21_fu_165_p2             |     |        | icmp_ln21 | seteq | auto      | 0       |
|   add_ln21_fu_171_p2              |     |        | add_ln21  | add   | fabric    | 0       |
|   add_ln28_fu_181_p2              |     |        | add_ln28  | add   | fabric    | 0       |
|   icmp_ln24_fu_195_p2             |     |        | icmp_ln24 | seteq | auto      | 0       |
|   add_ln24_fu_201_p2              |     |        | add_ln24  | add   | fabric    | 0       |
|   add_ln26_fu_211_p2              |     |        | add_ln26  | add   | fabric    | 0       |
|   mac_muladd_8s_8s_16ns_16_4_1_U1 | 1   |        | mul_ln26  | mul   | dsp_slice | 3       |
|   mac_muladd_8s_8s_16ns_16_4_1_U1 | 1   |        | tmp_1     | add   | dsp_slice | 3       |
+-----------------------------------+-----+--------+-----------+-------+-----------+---------+


================================================================
== Storage Report
================================================================
  No bind storage info in design

================================================================
== Pragma Report
================================================================
* Valid Pragma Syntax
+----------+----------+--------------------------------+
| Type     | Options  | Location                       |
+----------+----------+--------------------------------+
| pipeline | off=true | hls_config.cfg:13 in matrixmul |
| pipeline | off=true | hls_config.cfg:14 in matrixmul |
+----------+----------+--------------------------------+


